// Jest Snapshot v1, https://goo.gl/fbAQLP

exports[`<Header /> should match snapshot 1`] = `
.c2 {
  display: -webkit-box;
  display: -webkit-flex;
  display: -ms-flexbox;
  display: flex;
  -webkit-align-items: center;
  -webkit-box-align: center;
  -ms-flex-align: center;
  align-items: center;
  -webkit-text-decoration: none;
  text-decoration: none;
  color: inherit;
}

.c2 > img {
  width: 6.4rem;
  height: 6.4rem;
  cursor: pointer;
}

.c4 {
  display: inline-block;
  vertical-align: middle;
  overflow: hidden;
}

.c6 {
  display: -webkit-box;
  display: -webkit-flex;
  display: -ms-flexbox;
  display: flex;
  -webkit-flex-direction: column;
  -ms-flex-direction: column;
  flex-direction: column;
  -webkit-align-items: center;
  -webkit-box-align: center;
  -ms-flex-align: center;
  align-items: center;
  -webkit-box-pack: center;
  -webkit-justify-content: center;
  -ms-flex-pack: center;
  justify-content: center;
  color: #0A1128;
  -webkit-text-decoration: none;
  text-decoration: none;
  -webkit-transition: all 350ms ease-in;
  transition: all 350ms ease-in;
}

.c6:hover {
  color: #dc143c;
  -webkit-transform: scale(1.1);
  -ms-transform: scale(1.1);
  transform: scale(1.1);
}

.c5 > ul {
  display: -webkit-box;
  display: -webkit-flex;
  display: -ms-flexbox;
  display: flex;
  -webkit-box-pack: center;
  -webkit-justify-content: center;
  -ms-flex-pack: center;
  justify-content: center;
  -webkit-align-items: center;
  -webkit-box-align: center;
  -ms-flex-align: center;
  align-items: center;
  gap: 1.6rem;
}

.c5 ul > li {
  list-style: none;
  -webkit-animation: navbarLinkLoad;
  animation: navbarLinkLoad;
  -webkit-animation-duration: 1000ms;
  animation-duration: 1000ms;
  -webkit-animation-delay: 450ms;
  animation-delay: 450ms;
  -webkit-animation-fill-mode: forwards;
  animation-fill-mode: forwards;
  -webkit-transform: scale(0);
  -ms-transform: scale(0);
  transform: scale(0);
}

.c5 ul > li:first-child {
  -webkit-animation-name: navbarLinkLoad_first;
  animation-name: navbarLinkLoad_first;
  -webkit-transform: translateX(-1000%);
  -ms-transform: translateX(-1000%);
  transform: translateX(-1000%);
}

.c5 ul > li:last-child {
  -webkit-animation-name: navbarLinkLoad_last;
  animation-name: navbarLinkLoad_last;
  -webkit-transform: translateX(1000%);
  -ms-transform: translateX(1000%);
  transform: translateX(1000%);
}

.c3 {
  display: none;
  -webkit-appearance: none;
  -moz-appearance: none;
  appearance: none;
  opacity: 0;
  position: fixed;
  top: 2rem;
  right: 2rem;
  background-color: #0A1128;
  color: #FFFFFF;
  border: none;
  z-index: 6;
  pointer-events: all;
}

.c3 > svg {
  width: 2.4rem;
  height: 2.4rem;
}

.c0 {
  position: fixed;
  left: 0;
  top: 0;
  right: 0;
  display: -webkit-box;
  display: -webkit-flex;
  display: -ms-flexbox;
  display: flex;
  -webkit-align-self: center;
  -ms-flex-item-align: center;
  align-self: center;
  -webkit-box-pack: justify;
  -webkit-justify-content: space-between;
  -ms-flex-pack: justify;
  justify-content: space-between;
  padding-left: 2.4rem;
  padding-right: 2.4rem;
  background-color: #DDDDDD;
  border: 1px solid #DDDDDD;
  border-bottom-left-radius: 1.6rem;
  border-bottom-right-radius: 1.6rem;
  opacity: 1;
}

.c0 ul {
  padding: 0;
}

@media (max-width:768px) {
  .c5 {
    position: fixed;
    height: 100%;
    width: 100%;
    visibility: hidden;
    opacity: 0;
    z-index: 5;
    top: 0;
    left: 0;
    right: 0;
    bottom: 0;
    background-color: #FFFFFF;
    -webkit-transition: all 350ms ease-in-out;
    transition: all 350ms ease-in-out;
  }

  .c5 > ul {
    height: 100vh;
    -webkit-flex-flow: column wrap;
    -ms-flex-flow: column wrap;
    flex-flow: column wrap;
    -webkit-align-items: center;
    -webkit-box-align: center;
    -ms-flex-align: center;
    align-items: center;
    -webkit-box-pack: center;
    -webkit-justify-content: center;
    -ms-flex-pack: center;
    justify-content: center;
  }
}

@media (max-width:768px) {
  .c3 {
    display: -webkit-box;
    display: -webkit-flex;
    display: -ms-flexbox;
    display: flex;
    -webkit-align-items: center;
    -webkit-box-align: center;
    -ms-flex-align: center;
    align-items: center;
    -webkit-box-pack: center;
    -webkit-justify-content: center;
    -ms-flex-pack: center;
    justify-content: center;
    border: 1px solid #0A1128;
    border-radius: 0.4rem;
    -webkit-appearance: auto;
    -moz-appearance: auto;
    appearance: auto;
    opacity: 1;
  }
}

@media (max-width:768px) {
  .c0 {
    display: block;
    background-color: transparent;
    border: none;
  }

  .c0 .c1 {
    display: none;
    -webkit-appearance: none;
    -moz-appearance: none;
    appearance: none;
    opacity: 0;
  }
}

<div>
  <header
    class="c0"
  >
    <a
      aria-label="logo link"
      class="c1 c2"
      rel="internal"
      target="_self"
    >
      <img
        alt="logo"
        src="assets/images/logo.png"
      />
    </a>
    <button
      aria-label="Open/Close menu"
      class="c3"
    >
      <svg
        aria-hidden="true"
        aria-label="Open menu"
        class="c4"
        fill="currentColor"
        focusable="false"
        viewBox="0 0 24 24"
        xmlns="http://www.w3.org/2000/svg"
      >
        <path
          d="M3 18h18v-2H3v2zm0-5h18v-2H3v2zm0-7v2h18V6H3z"
        />
      </svg>
    </button>
    <nav
      class="c5"
    >
      <ul>
        <li>
          <a
            class="c6"
            href="/"
            rel="internal"
            target="_self"
          >
            home
          </a>
        </li>
        <li>
          <a
            class="c6"
            href="/sobre"
            rel="internal"
            target="_self"
          >
            sobre
          </a>
        </li>
        <li>
          <a
            class="c6"
            href="/habilidades"
            rel="internal"
            target="_self"
          >
            habilidades
          </a>
        </li>
        <li>
          <a
            class="c6"
            href="/projetos"
            rel="internal"
            target="_self"
          >
            projetos
          </a>
        </li>
        <li>
          <a
            class="c6"
            href="/curriculo"
            rel="internal"
            target="_self"
          >
            curriculo
          </a>
        </li>
      </ul>
    </nav>
  </header>
</div>
`;
