// Jest Snapshot v1, https://goo.gl/fbAQLP

exports[`<MenuLink /> should match a snapshot 1`] = `
.c0 {
  display: -webkit-box;
  display: -webkit-flex;
  display: -ms-flexbox;
  display: flex;
  -webkit-flex-direction: column;
  -ms-flex-direction: column;
  flex-direction: column;
  -webkit-align-items: center;
  -webkit-box-align: center;
  -ms-flex-align: center;
  align-items: center;
  -webkit-box-pack: center;
  -webkit-justify-content: center;
  -ms-flex-pack: center;
  justify-content: center;
  color: #0A1128;
  -webkit-text-decoration: none;
  text-decoration: none;
  -webkit-transition: all 350ms ease-in;
  transition: all 350ms ease-in;
}

.c0:hover {
  color: #dc143c;
  -webkit-transform: scale(1.1);
  -ms-transform: scale(1.1);
  transform: scale(1.1);
}

<div>
  <a
    class="c0"
    href="#"
    rel="external"
    target="_self"
  >
    Home
  </a>
</div>
`;
